{
  "create": {
    "output": {
      "_wrap": "server",
      "server": {
        "id": 526682617,
        "image": "ubuntu-24.04",
        "name": "web",
        "server_type": "cx22",
        "status": "running"
      }
    },
    "status": 0
  },
  "delete": {
    "output": null,
    "status": 200
  },
  "dup_fp": {
    "error": "uniqueness_error",
    "message": "SSH key fingerprint already used",
    "status": 409
  },
  "duplicate": {
    "error": "uniqueness_error",
    "message": "server name already used",
    "status": 409
  },
  "empty": {
    "error": "invalid_input",
    "message": "server name is required",
    "status": 400
  },
  "get": {
    "output": {
      "_wrap": "server",
      "server": {
        "id": 526682617,
        "image": "ubuntu-24.04",
        "name": "web",
        "server_type": "cx22",
        "status": "running"
      }
    },
    "status": 0
  },
  "get_ssh": {
    "output": {
      "_wrap": "ssh_key",
      "ssh_key": {
        "fingerprint": "ssh-ed25519 AAAA",
        "id": 395791637,
        "name": "laptop",
        "public_key": "ssh-ed25519 AAAA"
      }
    },
    "status": 0
  },
  "keys": {
    "output": {
      "_list": [
        {
          "fingerprint": "ssh-ed25519 AAAA",
          "id": 395791637,
          "name": "laptop",
          "public_key": "ssh-ed25519 AAAA"
        }
      ],
      "_wrap": "ssh_keys"
    },
    "status": 0
  },
  "list": {
    "output": {
      "_list": [
        {
          "id": 526682617,
          "image": "ubuntu-24.04",
          "name": "web",
          "server_type": "cx22",
          "status": "running"
        }
      ],
      "_wrap": "servers"
    },
    "status": 0
  },
  "missing": {
    "error": "not_found",
    "message": "Server not found",
    "status": 404
  },
  "nokey": {
    "error": "not_found",
    "message": "SSH key not found",
    "status": 404
  },
  "ssh": {
    "output": {
      "_wrap": "ssh_key",
      "ssh_key": {
        "fingerprint": "ssh-ed25519 AAAA",
        "id": 395791637,
        "name": "laptop",
        "public_key": "ssh-ed25519 AAAA"
      }
    },
    "status": 0
  }
}
