{
  "scan": {
    "Count": 3,
    "Items": [
      {
        "data": {
          "S": "¢"
        },
        "id": {
          "S": "2"
        }
      },
      {
        "data": {
          "S": "£"
        },
        "id": {
          "S": "1"
        }
      },
      {
        "data": {
          "S": "✓"
        },
        "id": {
          "S": "0"
        }
      }
    ],
    "ScannedCount": 3
  },
  "unicode": {
    "data": {
      "S": "✓"
    },
    "id": {
      "S": "0"
    }
  }
}
