{
  "active": {
    "KinesisDataStreamDestinations": [
      {
        "DestinationStatus": "ACTIVE",
        "StreamArn": "arn:aws:kinesis:us-east-1:000000000000:stream/s"
      }
    ],
    "TableName": "T"
  },
  "disabled": {
    "DestinationStatus": "DISABLING",
    "StreamArn": "arn:aws:kinesis:us-east-1:000000000000:stream/s",
    "TableName": "T"
  },
  "enabled": {
    "DestinationStatus": "ENABLING",
    "EnableKinesisStreamingConfiguration": {},
    "StreamArn": "arn:aws:kinesis:us-east-1:000000000000:stream/s",
    "TableName": "T"
  },
  "inactive": {
    "KinesisDataStreamDestinations": [
      {
        "ApproximateCreationDateTimePrecision": "MICROSECOND",
        "DestinationStatus": "DISABLED",
        "StreamArn": "arn:aws:kinesis:us-east-1:000000000000:stream/s"
      }
    ],
    "TableName": "T"
  },
  "record": {
    "dynamodb": {
      "ApproximateCreationDateTime": 0,
      "Keys": {
        "id": {
          "S": "one"
        }
      },
      "NewImage": {
        "data": {
          "B": "kA=="
        },
        "id": {
          "S": "one"
        }
      },
      "SequenceNumber": "000000000000001",
      "SizeBytes": 15,
      "StreamViewType": "NEW_AND_OLD_IMAGES"
    },
    "eventName": "INSERT",
    "tableName": "T"
  },
  "updated": {
    "DestinationStatus": "UPDATING",
    "StreamArn": "arn:aws:kinesis:us-east-1:000000000000:stream/s",
    "TableName": "T",
    "UpdateKinesisStreamingConfiguration": {
      "ApproximateCreationDateTimePrecision": "MICROSECOND"
    }
  }
}
