{
  "12345678901x": "InvalidBucketOwnerAWSAccountID",
  "DeleteObject": "AccessDenied",
  "DeleteObjectMissing": "NoSuchBucket",
  "DeleteObjectsMissing": "NoSuchBucket",
  "GetObject": "AccessDenied",
  "GetObjectTaggingMissing": "NoSuchBucket",
  "HeadBucket": "AccessDenied",
  "PutObjectTagging": "AccessDenied",
  "short": "InvalidBucketOwnerAWSAccountID"
}
