{
  "copiedTags": [
    {
      "Key": "stage",
      "Value": "retagged"
    }
  ],
  "currentMarker": "NoSuchKey",
  "currentTags": [
    {
      "Key": "stage",
      "Value": "second"
    }
  ],
  "explicitMarker": "MethodNotAllowed",
  "firstVersionTags": [
    {
      "Key": "stage",
      "Value": "first"
    },
    {
      "Key": "team",
      "Value": "storage"
    }
  ],
  "retainedTags": [
    {
      "Key": "stage",
      "Value": "second"
    }
  ]
}
