{
  "default": {},
  "dotted": {
    "code": "InvalidRequest",
    "message": "S3 Transfer Acceleration is not supported for buckets with periods (.) in their names",
    "status": 400
  },
  "enabled": {
    "Status": "Enabled"
  },
  "invalid": {
    "enabled": {
      "code": "MalformedXML",
      "status": 400
    },
    "random": {
      "code": "MalformedXML",
      "status": 400
    }
  },
  "preserved": {
    "Status": "Suspended"
  },
  "putEnabled": null,
  "putSuspended": null,
  "suspended": {
    "Status": "Suspended"
  }
}
