{
  "global": {
    "code": "AuthorizationHeaderMalformed",
    "region": "us-east-1",
    "status": 400
  },
  "head": {
    "Content-Type": [
      "application/xml"
    ],
    "X-Amz-Bucket-Arn": [
      "arn:aws:s3:::cross-region"
    ],
    "X-Amz-Bucket-Region": [
      "us-west-2"
    ]
  },
  "list": {
    "X-Amz-Bucket-Region": [
      "us-west-2"
    ]
  }
}
