{
  "0000": "InvalidBucketOwnerAWSAccountID",
  "0000000000020": "InvalidBucketOwnerAWSAccountID",
  "12345678901": "InvalidBucketOwnerAWSAccountID",
  "12345678901x": "InvalidBucketOwnerAWSAccountID",
  "DeleteObject": "AccessDenied",
  "DeleteObjectMissing": "NoSuchBucket",
  "DeleteObjectsMissing": "NoSuchBucket",
  "GetObject": "AccessDenied",
  "GetObjectTaggingMissing": "NoSuchBucket",
  "HeadBucket": "AccessDenied",
  "HeadObject": "AccessDenied",
  "PutObjectTagging": "AccessDenied",
  "aa000000000$": "InvalidBucketOwnerAWSAccountID",
  "abcd": "InvalidBucketOwnerAWSAccountID"
}
