{
  "default": {},
  "disable": null,
  "disabled": {},
  "get": {
    "LoggingEnabled": {
      "TargetBucket": "logging-characterization-target",
      "TargetPrefix": "logs/"
    }
  },
  "invalid": {
    "code": "InvalidTargetBucketForLogging",
    "message": "The target bucket for logging does not exist",
    "status": 400,
    "target": "missing"
  },
  "preserved": {
    "LoggingEnabled": {
      "TargetBucket": "logging-characterization-target",
      "TargetPrefix": "logs/"
    }
  },
  "put": null
}
