{
  "configured": {
    "ObjectLockConfiguration": {
      "ObjectLockEnabled": "Enabled",
      "Rule": {
        "DefaultRetention": {
          "Days": 1,
          "Mode": "GOVERNANCE"
        }
      }
    }
  },
  "invalidConfiguration": "MalformedXML",
  "lockedConfiguration": {
    "ObjectLockConfiguration": {
      "ObjectLockEnabled": "Enabled"
    }
  },
  "lockedSuspend": "InvalidBucketState",
  "lockedVersion": {
    "Status": "Enabled"
  },
  "plainBypass": "InvalidArgument",
  "plainLegalHold": "InvalidRequest",
  "regionalVersion": {
    "Status": "Enabled"
  }
}
