{
  "AbortMultipartUpload": "AccessDenied",
  "AbortMultipartUploadMissing": "NoSuchBucket",
  "CompleteMultipartUpload": "AccessDenied",
  "CompleteMultipartUploadMissing": "NoSuchBucket",
  "CopyObject": "AccessDenied",
  "CopyObjectMissing": "NoSuchBucket",
  "DeleteObjects": "AccessDenied",
  "DeleteObjectsMissing": "NoSuchBucket",
  "ListParts": "AccessDenied",
  "ListPartsMissing": "NoSuchBucket",
  "PutBucketVersioning": "AccessDenied",
  "PutBucketVersioningMissing": "NoSuchBucket",
  "PutObjectAnnotation": "AccessDenied",
  "PutObjectAnnotationMissing": "NoSuchBucket",
  "SelectObjectContent": "AccessDenied",
  "SelectObjectContentMissing": "NoSuchBucket",
  "UploadPart": "AccessDenied",
  "UploadPartCopy": "AccessDenied",
  "UploadPartCopyMissing": "NoSuchBucket",
  "UploadPartMissing": "NoSuchBucket"
}
