{
  "account-regional": "ObjectWriter",
  "bucketownerenforced": "BucketOwnerEnforced",
  "bucketownerpreferred": "BucketOwnerPreferred",
  "default-ownership": "BucketOwnerEnforced",
  "invalid": {
    "\"\"": {
      "argument": "x-amz-object-ownership",
      "code": "InvalidArgument",
      "message": "Invalid x-amz-object-ownership header: "
    },
    "\"RandomValue\"": {
      "argument": "x-amz-object-ownership",
      "code": "InvalidArgument",
      "message": "Invalid x-amz-object-ownership header: RandomValue"
    }
  },
  "objectwriter": "ObjectWriter"
}
