{
  "delete": [
    204,
    204
  ],
  "get": {
    "OwnershipControls": {
      "Rules": [
        {
          "ObjectOwnership": "ObjectWriter"
        }
      ]
    }
  },
  "invalid": {
    "code": "MalformedXML",
    "status": 400
  },
  "missing": {
    "bucket": "ownership-characterization",
    "code": "OwnershipControlsNotFoundError",
    "message": "The bucket ownership controls were not found",
    "status": 404
  },
  "put": {
    "output": null,
    "status": 200
  }
}
