{
  "copiedTags": [
    {
      "Key": "stage",
      "Value": "retagged"
    }
  ],
  "currentTags": [
    {
      "Key": "stage",
      "Value": "second"
    }
  ],
  "firstVersionTags": [
    {
      "Key": "stage",
      "Value": "first"
    },
    {
      "Key": "team",
      "Value": "storage"
    }
  ],
  "markerFaults": {
    "DeleteObjectTaggingCurrent": "MethodNotAllowed",
    "DeleteObjectTaggingExplicit": "MethodNotAllowed",
    "GetObjectTaggingCurrent": "MethodNotAllowed",
    "GetObjectTaggingExplicit": "MethodNotAllowed",
    "PutObjectTaggingCurrent": "MethodNotAllowed",
    "PutObjectTaggingExplicit": "MethodNotAllowed"
  },
  "missingVersion": "NoSuchVersion",
  "retainedTags": [
    {
      "Key": "stage",
      "Value": "second"
    }
  ]
}
