{
  "headers": {
    "Etag": [
      "\"a20120654bc88c9c5012b66284a9191d\""
    ],
    "Location": [
      "http://s3.test/post-object/uploads/hello%20world.txt"
    ],
    "X-Amz-Expiration": [
      "expiry-date=\"Sat, 03 Jan 1970 00:00:00 GMT\", rule-id=\"post\""
    ],
    "X-Amz-Server-Side-Encryption": [
      "AES256"
    ]
  },
  "output": {
    "Bucket": "post-object",
    "ETag": "\"a20120654bc88c9c5012b66284a9191d\"",
    "Key": "uploads/hello world.txt",
    "Location": "http://s3.test/post-object/uploads/hello%20world.txt"
  },
  "status": 201
}
