{
  "invalid bucket": "NoSuchBucket",
  "invalid tags": "InvalidTag",
  "reserved tag message": "User-defined tag keys can't start with \"aws:\". This prefix is reserved for system tags. Remove \"aws:\" from your tag keys and try again.",
  "tagged recreation": "BucketAlreadyOwnedByYou",
  "tags": [
    {
      "Key": "team",
      "Value": "storage"
    },
    {
      "Key": "env",
      "Value": "test"
    }
  ]
}
