{
  "copy": {
    "asciiB64": "abc",
    "badB64": "=?UTF-8?B?=GGG?=",
    "binary": "=?UTF-8?B?AAECAw==?=",
    "fakeEncoded": "actually-ascii",
    "nonASCII": "=?UTF-8?Q?=C3=84M=C3=84Z=C3=95=C3=91_S3?=",
    "rawUnicode": "=?UTF-8?Q?=C3=84M=C3=84Z=C3=95=C3=91_S3?=",
    "safe": "! \"#$%\u0026'()*+,-./0123456789:;\u003c\u003e'?@ABCDEFGHIJKLMNOPQRSTUVWXYZ[\\]^_`abcdefghijklmnopqrstuvwxyz{|}~\t"
  },
  "get": {
    "asciiB64": "abc",
    "badB64": "=?UTF-8?B?=GGG?=",
    "binary": "=?UTF-8?B?AAECAw==?=",
    "fakeEncoded": "actually-ascii",
    "nonASCII": "=?UTF-8?Q?=C3=84M=C3=84Z=C3=95=C3=91_S3?=",
    "rawUnicode": "=?UTF-8?Q?=C3=84M=C3=84Z=C3=95=C3=91_S3?=",
    "safe": "! \"#$%\u0026'()*+,-./0123456789:;\u003c\u003e'?@ABCDEFGHIJKLMNOPQRSTUVWXYZ[\\]^_`abcdefghijklmnopqrstuvwxyz{|}~\t"
  },
  "head": {
    "asciiB64": "abc",
    "badB64": "=?UTF-8?B?=GGG?=",
    "binary": "=?UTF-8?B?AAECAw==?=",
    "fakeEncoded": "actually-ascii",
    "nonASCII": "=?UTF-8?Q?=C3=84M=C3=84Z=C3=95=C3=91_S3?=",
    "rawUnicode": "=?UTF-8?Q?=C3=84M=C3=84Z=C3=95=C3=91_S3?=",
    "safe": "! \"#$%\u0026'()*+,-./0123456789:;\u003c\u003e'?@ABCDEFGHIJKLMNOPQRSTUVWXYZ[\\]^_`abcdefghijklmnopqrstuvwxyz{|}~\t"
  },
  "replace": "replacement"
}
