{
  "configured": {
    "Policy": "{\"Version\":\"2012-10-17\", \"Statement\":[{\"Effect\":\"Allow\",\"Principal\":\"*\"}]}"
  },
  "deleted": [
    204,
    204
  ],
  "final": {
    "bucket": "policy-characterization",
    "code": "NoSuchBucketPolicy",
    "message": "The bucket policy does not exist",
    "status": 404
  },
  "invalid": {
    "code": "MalformedPolicy",
    "message": "Missing required field Statement"
  },
  "missing": {
    "bucket": "policy-characterization",
    "code": "NoSuchBucketPolicy",
    "message": "The bucket policy does not exist",
    "status": 404
  },
  "preserved": {
    "Policy": "{\"Version\":\"2012-10-17\", \"Statement\":[{\"Effect\":\"Allow\",\"Principal\":\"*\"}]}"
  },
  "put": 204
}
