[
  {
    "code": "NotImplemented",
    "header": "If-Match",
    "message": "A header you provided implies functionality that is not implemented",
    "name": "etag",
    "status": 501
  },
  {
    "code": "NotImplemented",
    "header": "x-amz-if-match-size",
    "message": "A header you provided implies functionality that is not implemented",
    "name": "size",
    "status": 501
  },
  {
    "code": "NotImplemented",
    "header": "x-amz-if-match-last-modified-time",
    "message": "A header you provided implies functionality that is not implemented",
    "name": "modified",
    "status": 501
  }
]
