{
  "combined-existing": {
    "body": "existing",
    "etag": "\"f4e0ac58eb46d88efc451c164db3b837\"",
    "status": 200,
    "type": "text/html",
    "where": ""
  },
  "combined-rule": {
    "body": "",
    "etag": "",
    "status": 301,
    "type": "",
    "where": "http://website-hosting.s3-website.localhost.localstack.cloud/redirected.html"
  },
  "directory": {
    "body": "docs",
    "etag": "\"e3e2a9bfd88566b05001b02a3f51d286\"",
    "status": 200,
    "type": "text/html",
    "where": ""
  },
  "directory-hop": {
    "body": "",
    "etag": "",
    "status": 302,
    "type": "",
    "where": "/docs/"
  },
  "error-document-hop": {
    "body": "",
    "etag": "",
    "status": 301,
    "type": "",
    "where": "/redirected.html"
  },
  "error-rule": {
    "body": "",
    "etag": "",
    "status": 301,
    "type": "",
    "where": "http://website-hosting.s3-website.localhost.localstack.cloud/redirected.html"
  },
  "host-rule": {
    "body": "",
    "etag": "",
    "status": 301,
    "type": "",
    "where": "http://example.test/host/key"
  },
  "method": {
    "body": "\u003chtml\u003e\n\u003chead\u003e\u003ctitle\u003e405 Method Not Allowed\u003c/title\u003e\u003c/head\u003e\n\u003cbody\u003e\n\u003ch1\u003e405 Method Not Allowed\u003c/h1\u003e\n\u003cul\u003e\n\u003cli\u003eCode: MethodNotAllowed\u003c/li\u003e\n\u003cli\u003eMessage: The specified method is not allowed against this resource.\u003c/li\u003e\n\u003cli\u003eMethod: POST\u003c/li\u003e\n\u003cli\u003eResourceType: OBJECT\u003c/li\u003e\n\u003cli\u003eRequestId: request-id\u003c/li\u003e\n\u003cli\u003eHostId: h6t23Wl2Ndijztq+COn9kvx32omFVRLLtwk36D6+2/CIYSey+Uox6kBxRgcnAASsgnGwctU6zzU=\u003c/li\u003e\n\u003c/ul\u003e\n\u003chr/\u003e\n\u003c/body\u003e\n\u003c/html\u003e\n",
    "etag": "",
    "status": 405,
    "type": "text/html; charset=utf-8",
    "where": ""
  },
  "missing": {
    "body": "error",
    "etag": "\"cb5e100e5a9a3e7f6d1fd97512215282\"",
    "status": 404,
    "type": "text/html",
    "where": ""
  },
  "missing-error-document": {
    "body": "\u003chtml\u003e\n\u003chead\u003e\u003ctitle\u003e404 Not Found\u003c/title\u003e\u003c/head\u003e\n\u003cbody\u003e\n\u003ch1\u003e404 Not Found\u003c/h1\u003e\n\u003cul\u003e\n\u003cli\u003eCode: NoSuchKey\u003c/li\u003e\n\u003cli\u003eMessage: The specified key does not exist.\u003c/li\u003e\n\u003cli\u003eKey: missing\u003c/li\u003e\n\u003cli\u003eRequestId: request-id\u003c/li\u003e\n\u003cli\u003eHostId: h6t23Wl2Ndijztq+COn9kvx32omFVRLLtwk36D6+2/CIYSey+Uox6kBxRgcnAASsgnGwctU6zzU=\u003c/li\u003e\n\u003c/ul\u003e\n\u003ch3\u003eAn Error Occurred While Attempting to Retrieve a Custom Error Document\u003c/h3\u003e\n\u003cul\u003e\n\u003cli\u003eCode: NoSuchKey\u003c/li\u003e\n\u003cli\u003eMessage: The specified key does not exist.\u003c/li\u003e\n\u003cli\u003eKey: missing-error.html\u003c/li\u003e\n\u003c/ul\u003e\n\u003chr/\u003e\n\u003c/body\u003e\n\u003c/html\u003e\n",
    "etag": "",
    "status": 404,
    "type": "text/html; charset=utf-8",
    "where": ""
  },
  "not-modified": {
    "body": "",
    "etag": "\"6a992d5529f459a44fee58c733255e86\"",
    "status": 304,
    "type": "text/html",
    "where": ""
  },
  "object-hop": {
    "body": "",
    "etag": "",
    "status": 301,
    "type": "",
    "where": "/redirected.html"
  },
  "prefix-rule": {
    "body": "",
    "etag": "",
    "status": 301,
    "type": "",
    "where": "http://website-hosting.s3-website.localhost.localstack.cloud/index.html"
  },
  "protocol-rule": {
    "body": "",
    "etag": "",
    "status": 301,
    "type": "",
    "where": "https://website-hosting.s3-website.localhost.localstack.cloud/protocol/key"
  },
  "redirect-all": {
    "body": "",
    "etag": "",
    "status": 301,
    "type": "",
    "where": "https://example.test/path?q=1"
  },
  "root": {
    "body": "index",
    "etag": "\"6a992d5529f459a44fee58c733255e86\"",
    "status": 200,
    "type": "text/html",
    "where": ""
  },
  "root-with-rules": {
    "body": "index",
    "etag": "\"6a992d5529f459a44fee58c733255e86\"",
    "status": 200,
    "type": "text/html",
    "where": ""
  },
  "rule-before-object": {
    "body": "",
    "etag": "",
    "status": 301,
    "type": "",
    "where": "http://website-hosting.s3-website.localhost.localstack.cloud/redirected.html"
  },
  "status-rule": {
    "body": "",
    "etag": "",
    "status": 307,
    "type": "",
    "where": "http://website-hosting.s3-website.localhost.localstack.cloud/code/key"
  }
}
