{
  "create": {
    "output": {
      "_wrap": "app",
      "app": {
        "created_at": 1,
        "id": "7c589129"
      }
    },
    "status": 201
  },
  "del_mach": {
    "output": null,
    "status": 200
  },
  "del_miss_a": {
    "error": "not_found",
    "message": "app not found",
    "status": 404
  },
  "del_miss_m": {
    "error": "not_found",
    "message": "machine not found",
    "status": 404
  },
  "delete": {
    "output": null,
    "status": 202
  },
  "duplicate": {
    "error": "taken",
    "message": "app name already taken",
    "status": 422
  },
  "empty": {
    "error": "invalid",
    "message": "app name is required",
    "status": 400
  },
  "get": {
    "output": {
      "_wrap": "app",
      "app": {
        "created_at": 1,
        "id": "7c589129",
        "name": "web",
        "network": "default",
        "organization": {
          "name": "personal",
          "slug": "personal"
        },
        "status": "pending"
      }
    },
    "status": 0
  },
  "get_mach": {
    "output": {
      "_wrap": "machine",
      "machine": {
        "app_name": "web",
        "config": {
          "image": "nginx"
        },
        "id": "5f59f223",
        "name": "5f59f223",
        "region": "",
        "state": "created"
      }
    },
    "status": 0
  },
  "list": {
    "output": {
      "_list": [
        {
          "id": "7c589129",
          "machine_count": 0,
          "name": "web",
          "network": "default",
          "volume_count": 0
        }
      ],
      "_wrap": "apps"
    },
    "status": 0
  },
  "machine": {
    "output": {
      "_wrap": "machine",
      "machine": {
        "app_name": "web",
        "config": {
          "image": "nginx"
        },
        "id": "5f59f223",
        "name": "5f59f223",
        "region": "",
        "state": "created"
      }
    },
    "status": 0
  },
  "machines": {
    "output": {
      "_list": [
        {
          "app_name": "web",
          "config": {
            "image": "nginx"
          },
          "id": "5f59f223",
          "name": "5f59f223",
          "region": "",
          "state": "created"
        }
      ],
      "_wrap": "machines"
    },
    "status": 0
  },
  "miss_mach": {
    "error": "not_found",
    "message": "machine not found",
    "status": 404
  },
  "missing": {
    "error": "not_found",
    "message": "app not found",
    "status": 404
  }
}
