{
  "create": {
    "content_type": "application/xml",
    "has_host_id": true,
    "has_request_id": true,
    "request_correlated": true,
    "status": 200
  },
  "get": {
    "content_type": "binary/octet-stream",
    "has_host_id": true,
    "has_request_id": true,
    "request_correlated": true,
    "status": 200
  },
  "head": {
    "content_type": "application/xml",
    "has_host_id": true,
    "has_request_id": true,
    "request_correlated": true,
    "status": 200
  },
  "missing": {
    "content_type": "application/xml",
    "has_host_id": true,
    "has_request_id": true,
    "request_correlated": true,
    "status": 404
  },
  "put": {
    "content_type": "application/xml",
    "has_host_id": true,
    "has_request_id": true,
    "request_correlated": true,
    "status": 200
  }
}
