{
  "malformed": {
    "code": "AuthorizationQueryParametersError",
    "content_type": "application/xml",
    "message": "Error parsing the X-Amz-Credential parameter; the Credential is mal-formed; expecting \"\u003cYOUR-AKID\u003e/YYYYMMDD/REGION/SERVICE/aws4_request\".",
    "status": 400
  },
  "sigv2": {
    "code": "AccessDenied",
    "content_type": "application/xml",
    "message": "Query-string authentication requires the Signature, Expires and AWSAccessKeyId parameters",
    "status": 403
  },
  "sigv4": {
    "code": "AuthorizationQueryParametersError",
    "content_type": "application/xml",
    "message": "Query-string authentication version 4 requires the X-Amz-Algorithm, X-Amz-Credential, X-Amz-Signature, X-Amz-Date, X-Amz-SignedHeaders, and X-Amz-Expires parameters.",
    "status": 400
  },
  "sigv4a": {
    "code": "AuthorizationQueryParametersError",
    "content_type": "application/xml",
    "message": "Query-string authentication version 4A requires the X-Amz-Region-Set parameter.",
    "status": 400
  }
}
