{
  "sigv2": {
    "code": "SignatureDoesNotMatch",
    "content_type": "application/xml",
    "message": "The request signature we calculated does not match the signature you provided.",
    "status": 403
  },
  "sigv2_valid_status": 404,
  "sigv4": {
    "code": "SignatureDoesNotMatch",
    "content_type": "application/xml",
    "message": "The request signature we calculated does not match the signature you provided.",
    "status": 403
  }
}
