{
  "create": {
    "output": {
      "data": {
        "projectCreate": {
          "id": "7c589129",
          "name": "web"
        }
      }
    },
    "status": 0
  },
  "del_miss": {
    "error": "NOT_FOUND",
    "message": "Project not found",
    "status": 200
  },
  "del_miss_sv": {
    "error": "NOT_FOUND",
    "message": "Service not found",
    "status": 200
  },
  "del_svc": {
    "output": {
      "data": {
        "serviceDelete": true
      }
    },
    "status": 0
  },
  "delete": {
    "output": {
      "data": {
        "projectDelete": true
      }
    },
    "status": 0
  },
  "empty": {
    "error": "BAD_USER_INPUT",
    "message": "project name is required",
    "status": 200
  },
  "get": {
    "output": {
      "data": {
        "project": {
          "id": "7c589129",
          "name": "web"
        }
      }
    },
    "status": 0
  },
  "get_svc": {
    "output": {
      "data": {
        "service": {
          "id": "5f59f223",
          "name": "api",
          "projectId": "7c589129"
        }
      }
    },
    "status": 0
  },
  "list": {
    "output": {
      "data": {
        "projects": {
          "edges": [
            {
              "node": {
                "id": "7c589129",
                "name": "web"
              }
            }
          ]
        }
      }
    },
    "status": 0
  },
  "miss_after": {
    "error": "NOT_FOUND",
    "message": "Service not found",
    "status": 200
  },
  "miss_svc": {
    "error": "NOT_FOUND",
    "message": "Service not found",
    "status": 200
  },
  "missing": {
    "error": "NOT_FOUND",
    "message": "Project not found",
    "status": 200
  },
  "service": {
    "output": {
      "data": {
        "serviceCreate": {
          "id": "5f59f223",
          "name": "api",
          "projectId": "7c589129"
        }
      }
    },
    "status": 0
  },
  "svc_no_proj": {
    "error": "NOT_FOUND",
    "message": "Project not found",
    "status": 200
  }
}
