{
  "blobs": {
    "output": {
      "_list": [
        {
          "name": "o",
          "snapshots": [],
          "tags": {}
        }
      ]
    },
    "status": 0
  },
  "create": {
    "output": {
      "name": "snap"
    },
    "status": 0
  },
  "del_miss_b": {
    "error": "BlobNotFound",
    "message": "The specified blob does not exist.",
    "status": 404
  },
  "del_miss_c": {
    "error": "ContainerNotFound",
    "message": "The specified container does not exist.",
    "status": 404
  },
  "delete": {
    "output": {},
    "status": 0
  },
  "duplicate": {
    "error": "ContainerAlreadyExists",
    "message": "The specified container already exists.",
    "status": 409
  },
  "empty": {
    "error": "InvalidResourceName",
    "message": "The specified resource name contains invalid characters.",
    "status": 400
  },
  "get": {
    "output": {
      "lease_duration": "",
      "lease_id": "",
      "lease_state": "available",
      "lease_status": "unlocked",
      "metadata": {},
      "name": "snap",
      "public_access": ""
    },
    "status": 0
  },
  "list": {
    "output": {
      "_list": [
        {
          "name": "snap"
        }
      ]
    },
    "status": 0
  },
  "media": {
    "body": "hello",
    "status": 0
  },
  "missing": {
    "error": "BlobNotFound",
    "message": "The specified blob does not exist.",
    "status": 404
  },
  "nobucket": {
    "error": "ContainerNotFound",
    "message": "The specified container does not exist.",
    "status": 404
  },
  "put": {
    "output": {
      "container": "snap",
      "name": "o"
    },
    "status": 0
  }
}
