{
  "create": {
    "accountId": "000000000000",
    "createdAt": 0,
    "framework": "nextjs",
    "id": "prj_7c5891299f64",
    "name": "snap",
    "updatedAt": 0
  },
  "deploy": {
    "created": 0,
    "createdAt": 0,
    "id": "dpl_9c8e2cb00724681e",
    "name": "snap",
    "projectId": "prj_7c5891299f64",
    "readyState": "READY",
    "state": "READY",
    "type": "LAMBDAS",
    "uid": "dpl_9c8e2cb00724681e",
    "url": "snap-33f6fc.vercel.app"
  },
  "deploys": {
    "deployments": [
      {
        "created": 0,
        "createdAt": 0,
        "id": "dpl_9c8e2cb00724681e",
        "name": "snap",
        "projectId": "prj_7c5891299f64",
        "readyState": "READY",
        "state": "READY",
        "type": "LAMBDAS",
        "uid": "dpl_9c8e2cb00724681e",
        "url": "snap-33f6fc.vercel.app"
      }
    ],
    "pagination": {
      "count": 1
    }
  },
  "domain": {
    "apexName": "snap.example.test",
    "createdAt": 0,
    "name": "snap.example.test",
    "projectId": "prj_7c5891299f64",
    "updatedAt": 0,
    "verified": true
  },
  "domains": {
    "domains": [
      {
        "apexName": "snap.example.test",
        "createdAt": 0,
        "name": "snap.example.test",
        "projectId": "prj_7c5891299f64",
        "updatedAt": 0,
        "verified": true
      }
    ]
  },
  "duplicate": {
    "error": "conflict",
    "message": "A project with the same name already exists.",
    "status": 409
  },
  "empty": {
    "error": "bad_request",
    "message": "Project name is required",
    "status": 400
  },
  "env": {
    "id": "env_5f59f223d7",
    "key": "FOO",
    "target": [
      "production",
      "preview",
      "development"
    ],
    "type": "encrypted",
    "value": "bar"
  },
  "env_empty": {
    "error": "bad_request",
    "message": "Env key is required",
    "status": 400
  },
  "envs": {
    "envs": [
      {
        "id": "env_5f59f223d7",
        "key": "FOO",
        "target": [
          "production",
          "preview",
          "development"
        ],
        "type": "encrypted",
        "value": "bar"
      }
    ]
  },
  "get": {
    "accountId": "000000000000",
    "createdAt": 0,
    "framework": "nextjs",
    "id": "prj_7c5891299f64",
    "name": "snap",
    "updatedAt": 0
  },
  "get_deploy": {
    "created": 0,
    "createdAt": 0,
    "id": "dpl_9c8e2cb00724681e",
    "name": "snap",
    "projectId": "prj_7c5891299f64",
    "readyState": "READY",
    "state": "READY",
    "type": "LAMBDAS",
    "uid": "dpl_9c8e2cb00724681e",
    "url": "snap-33f6fc.vercel.app"
  },
  "kv_after_del": {
    "result": null
  },
  "kv_del": {
    "result": 1
  },
  "kv_get": {
    "result": "v"
  },
  "kv_missing": {
    "result": null
  },
  "kv_set": {
    "result": "OK"
  },
  "list": {
    "pagination": {
      "count": 1
    },
    "projects": [
      {
        "accountId": "000000000000",
        "createdAt": 0,
        "framework": "nextjs",
        "id": "prj_7c5891299f64",
        "name": "snap",
        "updatedAt": 0
      }
    ]
  },
  "missing_deploy": {
    "error": "not_found",
    "message": "The requested resource was not found.",
    "status": 404
  },
  "missing_project": {
    "error": "not_found",
    "message": "The requested resource was not found.",
    "status": 404
  },
  "user": {
    "email": "test@mirror.cloud",
    "id": "usr_000000000000",
    "name": "Mirror",
    "username": "test"
  }
}
